running develop
running egg_info
creating ROB_599_Project.egg-info
writing ROB_599_Project.egg-info/PKG-INFO
writing dependency_links to ROB_599_Project.egg-info/dependency_links.txt
writing entry points to ROB_599_Project.egg-info/entry_points.txt
writing requirements to ROB_599_Project.egg-info/requires.txt
writing top-level names to ROB_599_Project.egg-info/top_level.txt
writing manifest file 'ROB_599_Project.egg-info/SOURCES.txt'
reading manifest file 'ROB_599_Project.egg-info/SOURCES.txt'
writing manifest file 'ROB_599_Project.egg-info/SOURCES.txt'
running build_ext
Creating /home/daq/ROB599_Project/install/ROB_599_Project/lib/python3.12/site-packages/ROB-599-Project.egg-link (link to .)
Installing move_pedestrian.py script to /home/daq/ROB599_Project/install/ROB_599_Project/lib/ROB_599_Project

Installed /home/daq/ROB599_Project/build/ROB_599_Project
running symlink_data
creating /home/daq/ROB599_Project/install/ROB_599_Project/share/ament_index
creating /home/daq/ROB599_Project/install/ROB_599_Project/share/ament_index/resource_index
creating /home/daq/ROB599_Project/install/ROB_599_Project/share/ament_index/resource_index/packages
symbolically linking /home/daq/ROB599_Project/build/ROB_599_Project/resource/ROB_599_Project -> /home/daq/ROB599_Project/install/ROB_599_Project/share/ament_index/resource_index/packages
symbolically linking /home/daq/ROB599_Project/build/ROB_599_Project/package.xml -> /home/daq/ROB599_Project/install/ROB_599_Project/share/ROB_599_Project
creating /home/daq/ROB599_Project/install/ROB_599_Project/share/ROB_599_Project/launch
creating /home/daq/ROB599_Project/install/ROB_599_Project/share/ROB_599_Project/worlds
symbolically linking /home/daq/ROB599_Project/build/ROB_599_Project/worlds/simple_world.world -> /home/daq/ROB599_Project/install/ROB_599_Project/share/ROB_599_Project/worlds
